// Jest Snapshot v1, https://goo.gl/fbAQLP

exports[`Tests on Entry Component should render correctly 1`] = `
<div class="pointer p-2 entry-container">
  <div class="entry-title d-flex"><span class="text-success fs-5 fw-bold">23</span><span class="mx-1 fs-5">Julio</span><span class="mx-2 fw-light">2021</span></div>
  <div class="entry-description">Hola mundo desde mock data</div>
</div>
`;
